{
    "id": "contact-form",
    "fields": {
        "firstName": {
            "id": "firstName",
            "type": "text",
            "fieldConfig": {
                "options": [],
                "multiple": false,
                "buttonType": "submit",
                "html5type": "text",
                "attributes": []
            },
            "name": null,
            "value": null,
            "default": null,
            "field": null,
            "form": null,
            "slug": null,
            "label": "Your Name",
            "description": null,
            "fieldType": "text",
            "fieldId": "firstName"
        },
        "email": {
            "id": "email",
            "type": "text",
            "fieldConfig": {
                "options": [],
                "multiple": false,
                "buttonType": "submit",
                "html5type": "email",
                "attributes": []
            },
            "name": null,
            "value": null,
            "default": null,
            "field": null,
            "form": null,
            "slug": null,
            "label": "Your Email",
            "description": null,
            "fieldType": "text",
            "fieldId": "email"
        },
        "consent": {
            "id": "consent",
            "type": "checkbox",
            "fieldConfig": {
                "options": [],
                "multiple": false,
                "buttonType": "submit",
                "html5type": "text",
                "attributes": []
            },
            "name": null,
            "value": null,
            "default": null,
            "field": null,
            "form": null,
            "slug": null,
            "label": "Do you consent to sharing your personally identifying data?",
            "description": "Learn more by reading our privacy policy",
            "fieldType": "checkbox",
            "fieldId": "consent"
        }
    },
    "name": "Contact Form",
    "forms": null,
    "settings": null,
    "form": null,
    "rows": [
        {
            "rowId": "info-row",
            "columns": [
                {
                    "width": "1\/2",
                    "fields": [
                        {
                            "id": "firstName",
                            "type": "text",
                            "fieldConfig": {
                                "options": [],
                                "multiple": false,
                                "buttonType": "submit",
                                "html5type": "text",
                                "attributes": []
                            },
                            "name": null,
                            "value": null,
                            "default": null,
                            "field": null,
                            "form": null,
                            "slug": null,
                            "label": "Your Name",
                            "description": null,
                            "fieldType": "text",
                            "fieldId": "firstName"
                        }
                    ]
                },
                {
                    "width": "1\/2",
                    "fields": [
                        {
                            "id": "email",
                            "type": "text",
                            "fieldConfig": {
                                "options": [],
                                "multiple": false,
                                "buttonType": "submit",
                                "html5type": "email",
                                "attributes": []
                            },
                            "name": null,
                            "value": null,
                            "default": null,
                            "field": null,
                            "form": null,
                            "slug": null,
                            "label": "Your Email",
                            "description": null,
                            "fieldType": "text",
                            "fieldId": "email"
                        }
                    ]
                }
            ]
        },
        {
            "rowId": "privacy-row",
            "columns": [
                {
                    "width": "1",
                    "fields": [
                        {
                            "id": "consent",
                            "type": "checkbox",
                            "fieldConfig": {
                                "options": [],
                                "multiple": false,
                                "buttonType": "submit",
                                "html5type": "text",
                                "attributes": []
                            },
                            "name": null,
                            "value": null,
                            "default": null,
                            "field": null,
                            "form": null,
                            "slug": null,
                            "label": "Do you consent to sharing your personally identifying data?",
                            "description": "Learn more by reading our privacy policy",
                            "fieldType": "checkbox",
                            "fieldId": "consent"
                        }
                    ]
                }
            ]
        }
    ]
}
